[0.010s] Invoking command in '/home/lunog/ros2_course_ws/build/activity1': CMAKE_PREFIX_PATH=${CMAKE_PREFIX_PATH}:/home/lunog/ros2_course_ws/install/my_py_pkg:/opt/ros/humble /usr/bin/cmake --build /home/lunog/ros2_course_ws/build/activity1 -- -j16 -l16
[0.051s] [35m[1mConsolidate compiler generated dependencies of target robot_new_station[0m
[0.068s] [ 50%] [32mBuilding CXX object CMakeFiles/robot_new_station.dir/src/robot_new_station.cpp.o[0m
[1.969s] [01m[K/home/lunog/ros2_course_ws/src/activity1/src/robot_new_station.cpp:[m[K In constructor ‘[01m[KRobotNewStation::RobotNewStation()[m[K’:
[1.969s] [01m[K/home/lunog/ros2_course_ws/src/activity1/src/robot_new_station.cpp:10:37:[m[K [01;31m[Kerror: [m[Kno matching function for call to ‘[01m[Kstd::chrono::duration<long int>::duration(double)[m[K’
[1.969s]    10 |             std::chrono::seconds(0.5[01;31m[K)[m[K,
[1.969s]       |                                     [01;31m[K^[m[K
[1.969s] In file included from [01m[K/home/lunog/ros2_course_ws/src/activity1/src/robot_new_station.cpp:1[m[K:
[1.969s] [01m[K/usr/include/c++/11/chrono:529:21:[m[K [01;36m[Knote: [m[Kcandidate: ‘[01m[Ktemplate<class _Rep2, class _Period2, class> constexpr std::chrono::duration<_Rep, _Period>::duration(const std::chrono::duration<_Rep, _Period>&) [with _Rep2 = _Rep2; _Period2 = _Period2; <template-parameter-2-3> = <template-parameter-1-3>; _Rep = long int; _Period = std::ratio<1>][m[K’
[1.969s]   529 |           constexpr [01;36m[Kduration[m[K(const duration<_Rep2, _Period2>& __d)
[1.969s]       |                     [01;36m[K^~~~~~~~[m[K
[1.969s] [01m[K/usr/include/c++/11/chrono:529:21:[m[K [01;36m[Knote: [m[K  template argument deduction/substitution failed:
[1.969s] [01m[K/home/lunog/ros2_course_ws/src/activity1/src/robot_new_station.cpp:10:37:[m[K [01;36m[Knote: [m[K  mismatched types ‘[01m[Kconst std::chrono::duration<_Rep1, _Period1>[m[K’ and ‘[01m[Kdouble[m[K’
[1.969s]    10 |             std::chrono::seconds(0.5[01;36m[K)[m[K,
[1.969s]       |                                     [01;36m[K^[m[K
[1.970s] In file included from [01m[K/home/lunog/ros2_course_ws/src/activity1/src/robot_new_station.cpp:1[m[K:
[1.970s] [01m[K/usr/include/c++/11/chrono:521:30:[m[K [01;36m[Knote: [m[Kcandidate: ‘[01m[Ktemplate<class _Rep2, class> constexpr std::chrono::duration<_Rep, _Period>::duration(const _Rep2&) [with _Rep2 = _Rep2; <template-parameter-2-2> = <template-parameter-1-2>; _Rep = long int; _Period = std::ratio<1>][m[K’
[1.970s]   521 |           constexpr explicit [01;36m[Kduration[m[K(const _Rep2& __rep)
[1.970s]       |                              [01;36m[K^~~~~~~~[m[K
[1.970s] [01m[K/usr/include/c++/11/chrono:521:30:[m[K [01;36m[Knote: [m[K  template argument deduction/substitution failed:
[1.970s] In file included from [01m[K/usr/include/c++/11/ratio:39[m[K,
[1.970s]                  from [01m[K/usr/include/c++/11/chrono:39[m[K,
[1.970s]                  from [01m[K/home/lunog/ros2_course_ws/src/activity1/src/robot_new_station.cpp:1[m[K:
[1.970s] /usr/include/c++/11/type_traits: In substitution of ‘[01m[Ktemplate<bool _Cond, class _Tp> using __enable_if_t = typename std::enable_if::type [with bool _Cond = false; _Tp = void][m[K’:
[1.970s] [01m[K/usr/include/c++/11/type_traits:2209:11:[m[K   required by substitution of ‘[01m[Ktemplate<class ... _Cond> using _Require = std::__enable_if_t<std::__and_< <template-parameter-1-1> >::value> [with _Cond = {std::is_convertible<const double&, long int>, std::__or_<std::chrono::treat_as_floating_point<long int>, std::__not_<std::chrono::treat_as_floating_point<double> > >}][m[K’
[1.970s] [01m[K/usr/include/c++/11/chrono:518:27:[m[K   required from here
[1.970s] [01m[K/usr/include/c++/11/type_traits:2205:11:[m[K [01;31m[Kerror: [m[Kno type named ‘[01m[Ktype[m[K’ in ‘[01m[Kstruct std::enable_if<false, void>[m[K’
[1.970s]  2205 |     using [01;31m[K__enable_if_t[m[K = typename enable_if<_Cond, _Tp>::type;
[1.970s]       |           [01;31m[K^~~~~~~~~~~~~[m[K
[1.970s] In file included from [01m[K/home/lunog/ros2_course_ws/src/activity1/src/robot_new_station.cpp:1[m[K:
[1.970s] [01m[K/usr/include/c++/11/chrono:514:9:[m[K [01;36m[Knote: [m[Kcandidate: ‘[01m[Kconstexpr std::chrono::duration<_Rep, _Period>::duration(const std::chrono::duration<_Rep, _Period>&) [with _Rep = long int; _Period = std::ratio<1>][m[K’
[1.970s]   514 |         [01;36m[Kduration[m[K(const duration&) = default;
[1.970s]       |         [01;36m[K^~~~~~~~[m[K
[1.970s] [01m[K/usr/include/c++/11/chrono:514:18:[m[K [01;36m[Knote: [m[K  no known conversion for argument 1 from ‘[01m[Kdouble[m[K’ to ‘[01m[Kconst std::chrono::duration<long int>&[m[K’
[1.970s]   514 |         duration([01;36m[Kconst duration&[m[K) = default;
[1.970s]       |                  [01;36m[K^~~~~~~~~~~~~~~[m[K
[1.970s] [01m[K/usr/include/c++/11/chrono:512:19:[m[K [01;36m[Knote: [m[Kcandidate: ‘[01m[Kstd::chrono::duration<_Rep, _Period>::duration() [with _Rep = long int; _Period = std::ratio<1>][m[K’
[1.971s]   512 |         constexpr [01;36m[Kduration[m[K() = default;
[1.971s]       |                   [01;36m[K^~~~~~~~[m[K
[1.971s] [01m[K/usr/include/c++/11/chrono:512:19:[m[K [01;36m[Knote: [m[K  candidate expects 0 arguments, 1 provided
[1.972s] In file included from [01m[K/opt/ros/humble/include/rclcpp/rclcpp/logging.hpp:24[m[K,
[1.972s]                  from [01m[K/opt/ros/humble/include/rclcpp/rclcpp/client.hpp:40[m[K,
[1.972s]                  from [01m[K/opt/ros/humble/include/rclcpp/rclcpp/callback_group.hpp:24[m[K,
[1.972s]                  from [01m[K/opt/ros/humble/include/rclcpp/rclcpp/any_executable.hpp:20[m[K,
[1.972s]                  from [01m[K/opt/ros/humble/include/rclcpp/rclcpp/memory_strategy.hpp:25[m[K,
[1.972s]                  from [01m[K/opt/ros/humble/include/rclcpp/rclcpp/memory_strategies.hpp:18[m[K,
[1.972s]                  from [01m[K/opt/ros/humble/include/rclcpp/rclcpp/executor_options.hpp:20[m[K,
[1.972s]                  from [01m[K/opt/ros/humble/include/rclcpp/rclcpp/executor.hpp:37[m[K,
[1.972s]                  from [01m[K/opt/ros/humble/include/rclcpp/rclcpp/executors/multi_threaded_executor.hpp:25[m[K,
[1.973s]                  from [01m[K/opt/ros/humble/include/rclcpp/rclcpp/executors.hpp:21[m[K,
[1.973s]                  from [01m[K/opt/ros/humble/include/rclcpp/rclcpp/rclcpp.hpp:155[m[K,
[1.973s]                  from [01m[K/home/lunog/ros2_course_ws/src/activity1/src/robot_new_station.cpp:5[m[K:
[1.973s] [01m[K/home/lunog/ros2_course_ws/src/activity1/src/robot_new_station.cpp:[m[K In member function ‘[01m[Kvoid RobotNewStation::timerCallback()[m[K’:
[1.973s] [01m[K/home/lunog/ros2_course_ws/src/activity1/src/robot_new_station.cpp:16:55:[m[K [01;31m[Kerror: [m[Kexpected ‘[01m[K)[m[K’ before ‘[01m[Kcounter_[m[K’
[1.973s]    16 |         RCLCPP_INFO(get_logger(), "robot_new_station" [01;31m[Kcounter_[m[K);
[1.973s]       |                                                       [01;31m[K^~~~~~~~[m[K
[1.973s] [01m[K/home/lunog/ros2_course_ws/src/activity1/src/robot_new_station.cpp:16:9:[m[K [01;36m[Knote: [m[Kto match this ‘[01m[K([m[K’
[1.973s]    16 |         [01;36m[KRCLCPP_INFO[m[K(get_logger(), "robot_new_station" counter_);
[1.973s]       |         [01;36m[K^~~~~~~~~~~[m[K
[1.976s] [01m[K/home/lunog/ros2_course_ws/src/activity1/src/robot_new_station.cpp:[m[K In function ‘[01m[Kint main(int, char**)[m[K’:
[1.976s] [01m[K/home/lunog/ros2_course_ws/src/activity1/src/robot_new_station.cpp:26:13:[m[K [01;31m[Kerror: [m[Kexpected ‘[01m[K;[m[K’ before ‘[01m[K}[m[K’ token
[1.976s]    26 |     return 0
[1.976s]       |             [01;31m[K^[m[K
[1.976s]       |             [32m[K;[m[K
[1.976s] ......
[1.976s]    29 | [32m[K}[m[K
[1.976s]       | [32m[K~[m[K            
[2.323s] gmake[2]: *** [CMakeFiles/robot_new_station.dir/build.make:76: CMakeFiles/robot_new_station.dir/src/robot_new_station.cpp.o] Error 1
[2.323s] gmake[1]: *** [CMakeFiles/Makefile2:137: CMakeFiles/robot_new_station.dir/all] Error 2
[2.323s] gmake: *** [Makefile:146: all] Error 2
[2.325s] Invoked command in '/home/lunog/ros2_course_ws/build/activity1' returned '2': CMAKE_PREFIX_PATH=${CMAKE_PREFIX_PATH}:/home/lunog/ros2_course_ws/install/my_py_pkg:/opt/ros/humble /usr/bin/cmake --build /home/lunog/ros2_course_ws/build/activity1 -- -j16 -l16
