[35m[1mConsolidate compiler generated dependencies of target robot_new_station[0m
[ 50%] [32mBuilding CXX object CMakeFiles/robot_new_station.dir/src/robot_new_station.cpp.o[0m
[100%] [32m[1mLinking CXX executable robot_new_station[0m
[100%] Built target robot_new_station
-- Install configuration: ""
-- Installing: /home/lunog/ros2_course_ws/install/activity1/share/ament_index/resource_index/package_run_dependencies/activity1
-- Installing: /home/lunog/ros2_course_ws/install/activity1/share/ament_index/resource_index/parent_prefix_path/activity1
-- Up-to-date: /home/lunog/ros2_course_ws/install/activity1/share/activity1/environment/ament_prefix_path.sh
-- Installing: /home/lunog/ros2_course_ws/install/activity1/share/activity1/environment/ament_prefix_path.dsv
-- Up-to-date: /home/lunog/ros2_course_ws/install/activity1/share/activity1/environment/path.sh
-- Installing: /home/lunog/ros2_course_ws/install/activity1/share/activity1/environment/path.dsv
-- Up-to-date: /home/lunog/ros2_course_ws/install/activity1/share/activity1/local_setup.bash
-- Up-to-date: /home/lunog/ros2_course_ws/install/activity1/share/activity1/local_setup.sh
-- Up-to-date: /home/lunog/ros2_course_ws/install/activity1/share/activity1/local_setup.zsh
-- Installing: /home/lunog/ros2_course_ws/install/activity1/share/activity1/local_setup.dsv
-- Installing: /home/lunog/ros2_course_ws/install/activity1/share/activity1/package.dsv
-- Up-to-date: /home/lunog/ros2_course_ws/install/activity1/share/ament_index/resource_index/packages/activity1
-- Up-to-date: /home/lunog/ros2_course_ws/install/activity1/share/activity1/cmake/activity1Config.cmake
-- Up-to-date: /home/lunog/ros2_course_ws/install/activity1/share/activity1/cmake/activity1Config-version.cmake
-- Installing: /home/lunog/ros2_course_ws/install/activity1/share/activity1/package.xml
-- Installing: /home/lunog/ros2_course_ws/install/activity1/lib/activity1/robot_new_station
-- Set runtime path of "/home/lunog/ros2_course_ws/install/activity1/lib/activity1/robot_new_station" to ""
