[0.585s] Invoking command in '/home/lunog/ros2_course_ws/src/my_py_pkg': PYTHONPATH=/home/lunog/ros2_course_ws/build/my_py_pkg/prefix_override:/usr/lib/python3/dist-packages/colcon_core/task/python/colcon_distutils_commands:/home/lunog/ros2_course_ws/install/my_py_pkg/lib/python3.10/site-packages:${PYTHONPATH} /usr/bin/python3 -W ignore:setup.py install is deprecated -W ignore:easy_install command is deprecated setup.py egg_info --egg-base ../../build/my_py_pkg build --build-base /home/lunog/ros2_course_ws/build/my_py_pkg/build install --record /home/lunog/ros2_course_ws/build/my_py_pkg/install.log --single-version-externally-managed install_data
[0.802s] running egg_info
[0.802s] creating ../../build/my_py_pkg/my_py_pkg.egg-info
[0.802s] writing ../../build/my_py_pkg/my_py_pkg.egg-info/PKG-INFO
[0.803s] writing dependency_links to ../../build/my_py_pkg/my_py_pkg.egg-info/dependency_links.txt
[0.803s] writing entry points to ../../build/my_py_pkg/my_py_pkg.egg-info/entry_points.txt
[0.803s] writing requirements to ../../build/my_py_pkg/my_py_pkg.egg-info/requires.txt
[0.803s] writing top-level names to ../../build/my_py_pkg/my_py_pkg.egg-info/top_level.txt
[0.804s] writing manifest file '../../build/my_py_pkg/my_py_pkg.egg-info/SOURCES.txt'
[0.805s] reading manifest file '../../build/my_py_pkg/my_py_pkg.egg-info/SOURCES.txt'
[0.806s] writing manifest file '../../build/my_py_pkg/my_py_pkg.egg-info/SOURCES.txt'
[0.806s] running build
[0.806s] running build_py
[0.806s] creating /home/lunog/ros2_course_ws/build/my_py_pkg/build
[0.806s] creating /home/lunog/ros2_course_ws/build/my_py_pkg/build/lib
[0.806s] creating /home/lunog/ros2_course_ws/build/my_py_pkg/build/lib/my_py_pkg
[0.806s] copying my_py_pkg/my_first_node.py -> /home/lunog/ros2_course_ws/build/my_py_pkg/build/lib/my_py_pkg
[0.806s] copying my_py_pkg/__init__.py -> /home/lunog/ros2_course_ws/build/my_py_pkg/build/lib/my_py_pkg
[0.806s] running install
[0.806s] running install_lib
[0.807s] creating /home/lunog/ros2_course_ws/install/my_py_pkg/lib/python3.10/site-packages/my_py_pkg
[0.808s] copying /home/lunog/ros2_course_ws/build/my_py_pkg/build/lib/my_py_pkg/my_first_node.py -> /home/lunog/ros2_course_ws/install/my_py_pkg/lib/python3.10/site-packages/my_py_pkg
[0.808s] copying /home/lunog/ros2_course_ws/build/my_py_pkg/build/lib/my_py_pkg/__init__.py -> /home/lunog/ros2_course_ws/install/my_py_pkg/lib/python3.10/site-packages/my_py_pkg
[0.808s] byte-compiling /home/lunog/ros2_course_ws/install/my_py_pkg/lib/python3.10/site-packages/my_py_pkg/my_first_node.py to my_first_node.cpython-310.pyc
[0.808s] byte-compiling /home/lunog/ros2_course_ws/install/my_py_pkg/lib/python3.10/site-packages/my_py_pkg/__init__.py to __init__.cpython-310.pyc
[0.808s] running install_data
[0.808s] creating /home/lunog/ros2_course_ws/install/my_py_pkg/share/ament_index
[0.808s] creating /home/lunog/ros2_course_ws/install/my_py_pkg/share/ament_index/resource_index
[0.808s] creating /home/lunog/ros2_course_ws/install/my_py_pkg/share/ament_index/resource_index/packages
[0.808s] copying resource/my_py_pkg -> /home/lunog/ros2_course_ws/install/my_py_pkg/share/ament_index/resource_index/packages
[0.808s] copying package.xml -> /home/lunog/ros2_course_ws/install/my_py_pkg/share/my_py_pkg
[0.809s] running install_egg_info
[0.810s] Copying ../../build/my_py_pkg/my_py_pkg.egg-info to /home/lunog/ros2_course_ws/install/my_py_pkg/lib/python3.10/site-packages/my_py_pkg-0.0.0-py3.10.egg-info
[0.811s] running install_scripts
[0.827s] Installing my_first_node script to /home/lunog/ros2_course_ws/install/my_py_pkg/lib/my_py_pkg
[0.828s] writing list of installed files to '/home/lunog/ros2_course_ws/build/my_py_pkg/install.log'
[0.848s] Invoked command in '/home/lunog/ros2_course_ws/src/my_py_pkg' returned '0': PYTHONPATH=/home/lunog/ros2_course_ws/build/my_py_pkg/prefix_override:/usr/lib/python3/dist-packages/colcon_core/task/python/colcon_distutils_commands:/home/lunog/ros2_course_ws/install/my_py_pkg/lib/python3.10/site-packages:${PYTHONPATH} /usr/bin/python3 -W ignore:setup.py install is deprecated -W ignore:easy_install command is deprecated setup.py egg_info --egg-base ../../build/my_py_pkg build --build-base /home/lunog/ros2_course_ws/build/my_py_pkg/build install --record /home/lunog/ros2_course_ws/build/my_py_pkg/install.log --single-version-externally-managed install_data
