[0.081s] DEBUG:colcon:Command line arguments: ['/usr/bin/colcon', 'build', '--packages-select', 'my_py_pkg', 'my_cpp_pkg']
[0.081s] DEBUG:colcon:Parsed command line arguments: Namespace(log_base=None, log_level=None, verb_name='build', build_base='build', install_base='install', merge_install=False, symlink_install=False, test_result_base=None, continue_on_error=False, executor='parallel', parallel_workers=16, event_handlers=None, ignore_user_meta=False, metas=['./colcon.meta'], base_paths=['.'], packages_ignore=None, packages_ignore_regex=None, paths=None, packages_up_to=None, packages_up_to_regex=None, packages_above=None, packages_above_and_dependencies=None, packages_above_depth=None, packages_select_by_dep=None, packages_skip_by_dep=None, packages_skip_up_to=None, packages_select_build_failed=False, packages_skip_build_finished=False, packages_select_test_failures=False, packages_skip_test_passed=False, packages_select=['my_py_pkg', 'my_cpp_pkg'], packages_skip=None, packages_select_regex=None, packages_skip_regex=None, packages_start=None, packages_end=None, allow_overriding=[], cmake_args=None, cmake_target=None, cmake_target_skip_unavailable=False, cmake_clean_cache=False, cmake_clean_first=False, cmake_force_configure=False, ament_cmake_args=None, catkin_cmake_args=None, catkin_skip_building_tests=False, verb_parser=<colcon_defaults.argument_parser.defaults.DefaultArgumentsDecorator object at 0x724608254880>, verb_extension=<colcon_core.verb.build.BuildVerb object at 0x7246083b6320>, main=<bound method BuildVerb.main of <colcon_core.verb.build.BuildVerb object at 0x7246083b6320>>)
[0.236s] Level 1:colcon.colcon_core.package_discovery:discover_packages(colcon_meta) check parameters
[0.236s] Level 1:colcon.colcon_core.package_discovery:discover_packages(recursive) check parameters
[0.236s] Level 1:colcon.colcon_core.package_discovery:discover_packages(ignore) check parameters
[0.236s] Level 1:colcon.colcon_core.package_discovery:discover_packages(path) check parameters
[0.236s] Level 1:colcon.colcon_core.package_discovery:discover_packages(colcon_meta) discover
[0.236s] Level 1:colcon.colcon_core.package_discovery:discover_packages(recursive) discover
[0.236s] INFO:colcon.colcon_core.package_discovery:Crawling recursively for packages in '/home/lunog/ros2_course_ws'
[0.236s] Level 1:colcon.colcon_core.package_identification:_identify(.) by extensions ['ignore', 'ignore_ament_install']
[0.236s] Level 1:colcon.colcon_core.package_identification:_identify(.) by extension 'ignore'
[0.236s] Level 1:colcon.colcon_core.package_identification:_identify(.) by extension 'ignore_ament_install'
[0.237s] Level 1:colcon.colcon_core.package_identification:_identify(.) by extensions ['colcon_pkg']
[0.237s] Level 1:colcon.colcon_core.package_identification:_identify(.) by extension 'colcon_pkg'
[0.237s] Level 1:colcon.colcon_core.package_identification:_identify(.) by extensions ['colcon_meta']
[0.237s] Level 1:colcon.colcon_core.package_identification:_identify(.) by extension 'colcon_meta'
[0.237s] Level 1:colcon.colcon_core.package_identification:_identify(.) by extensions ['ros']
[0.237s] Level 1:colcon.colcon_core.package_identification:_identify(.) by extension 'ros'
[0.252s] Level 1:colcon.colcon_core.package_identification:_identify(.) by extensions ['cmake', 'python']
[0.252s] Level 1:colcon.colcon_core.package_identification:_identify(.) by extension 'cmake'
[0.252s] Level 1:colcon.colcon_core.package_identification:_identify(.) by extension 'python'
[0.252s] Level 1:colcon.colcon_core.package_identification:_identify(.) by extensions ['python_setup_py']
[0.252s] Level 1:colcon.colcon_core.package_identification:_identify(.) by extension 'python_setup_py'
[0.252s] Level 1:colcon.colcon_core.package_identification:_identify(build) by extensions ['ignore', 'ignore_ament_install']
[0.253s] Level 1:colcon.colcon_core.package_identification:_identify(build) by extension 'ignore'
[0.253s] Level 1:colcon.colcon_core.package_identification:_identify(build) ignored
[0.253s] Level 1:colcon.colcon_core.package_identification:_identify(install) by extensions ['ignore', 'ignore_ament_install']
[0.253s] Level 1:colcon.colcon_core.package_identification:_identify(install) by extension 'ignore'
[0.253s] Level 1:colcon.colcon_core.package_identification:_identify(install) ignored
[0.253s] Level 1:colcon.colcon_core.package_identification:_identify(log) by extensions ['ignore', 'ignore_ament_install']
[0.253s] Level 1:colcon.colcon_core.package_identification:_identify(log) by extension 'ignore'
[0.253s] Level 1:colcon.colcon_core.package_identification:_identify(log) ignored
[0.253s] Level 1:colcon.colcon_core.package_identification:_identify(src) by extensions ['ignore', 'ignore_ament_install']
[0.253s] Level 1:colcon.colcon_core.package_identification:_identify(src) by extension 'ignore'
[0.253s] Level 1:colcon.colcon_core.package_identification:_identify(src) by extension 'ignore_ament_install'
[0.253s] Level 1:colcon.colcon_core.package_identification:_identify(src) by extensions ['colcon_pkg']
[0.253s] Level 1:colcon.colcon_core.package_identification:_identify(src) by extension 'colcon_pkg'
[0.253s] Level 1:colcon.colcon_core.package_identification:_identify(src) by extensions ['colcon_meta']
[0.253s] Level 1:colcon.colcon_core.package_identification:_identify(src) by extension 'colcon_meta'
[0.253s] Level 1:colcon.colcon_core.package_identification:_identify(src) by extensions ['ros']
[0.253s] Level 1:colcon.colcon_core.package_identification:_identify(src) by extension 'ros'
[0.253s] Level 1:colcon.colcon_core.package_identification:_identify(src) by extensions ['cmake', 'python']
[0.253s] Level 1:colcon.colcon_core.package_identification:_identify(src) by extension 'cmake'
[0.253s] Level 1:colcon.colcon_core.package_identification:_identify(src) by extension 'python'
[0.253s] Level 1:colcon.colcon_core.package_identification:_identify(src) by extensions ['python_setup_py']
[0.253s] Level 1:colcon.colcon_core.package_identification:_identify(src) by extension 'python_setup_py'
[0.253s] Level 1:colcon.colcon_core.package_identification:_identify(src/my_cpp_pkg) by extensions ['ignore', 'ignore_ament_install']
[0.253s] Level 1:colcon.colcon_core.package_identification:_identify(src/my_cpp_pkg) by extension 'ignore'
[0.254s] Level 1:colcon.colcon_core.package_identification:_identify(src/my_cpp_pkg) by extension 'ignore_ament_install'
[0.254s] Level 1:colcon.colcon_core.package_identification:_identify(src/my_cpp_pkg) by extensions ['colcon_pkg']
[0.254s] Level 1:colcon.colcon_core.package_identification:_identify(src/my_cpp_pkg) by extension 'colcon_pkg'
[0.254s] Level 1:colcon.colcon_core.package_identification:_identify(src/my_cpp_pkg) by extensions ['colcon_meta']
[0.254s] Level 1:colcon.colcon_core.package_identification:_identify(src/my_cpp_pkg) by extension 'colcon_meta'
[0.254s] Level 1:colcon.colcon_core.package_identification:_identify(src/my_cpp_pkg) by extensions ['ros']
[0.254s] Level 1:colcon.colcon_core.package_identification:_identify(src/my_cpp_pkg) by extension 'ros'
[0.255s] DEBUG:colcon.colcon_core.package_identification:Package 'src/my_cpp_pkg' with type 'ros.ament_cmake' and name 'my_cpp_pkg'
[0.255s] Level 1:colcon.colcon_core.package_identification:_identify(src/my_py_pkg) by extensions ['ignore', 'ignore_ament_install']
[0.256s] Level 1:colcon.colcon_core.package_identification:_identify(src/my_py_pkg) by extension 'ignore'
[0.256s] Level 1:colcon.colcon_core.package_identification:_identify(src/my_py_pkg) by extension 'ignore_ament_install'
[0.256s] Level 1:colcon.colcon_core.package_identification:_identify(src/my_py_pkg) by extensions ['colcon_pkg']
[0.256s] Level 1:colcon.colcon_core.package_identification:_identify(src/my_py_pkg) by extension 'colcon_pkg'
[0.256s] Level 1:colcon.colcon_core.package_identification:_identify(src/my_py_pkg) by extensions ['colcon_meta']
[0.256s] Level 1:colcon.colcon_core.package_identification:_identify(src/my_py_pkg) by extension 'colcon_meta'
[0.256s] Level 1:colcon.colcon_core.package_identification:_identify(src/my_py_pkg) by extensions ['ros']
[0.256s] Level 1:colcon.colcon_core.package_identification:_identify(src/my_py_pkg) by extension 'ros'
[0.256s] DEBUG:colcon.colcon_core.package_identification:Package 'src/my_py_pkg' with type 'ros.ament_python' and name 'my_py_pkg'
[0.256s] Level 1:colcon.colcon_core.package_discovery:discover_packages(recursive) using defaults
[0.256s] Level 1:colcon.colcon_core.package_discovery:discover_packages(ignore) discover
[0.256s] Level 1:colcon.colcon_core.package_discovery:discover_packages(ignore) using defaults
[0.256s] Level 1:colcon.colcon_core.package_discovery:discover_packages(path) discover
[0.256s] Level 1:colcon.colcon_core.package_discovery:discover_packages(path) using defaults
[0.271s] Level 1:colcon.colcon_core.package_discovery:discover_packages(prefix_path) check parameters
[0.271s] Level 1:colcon.colcon_core.package_discovery:discover_packages(prefix_path) discover
[0.272s] WARNING:colcon.colcon_ros.prefix_path.ament:The path '/home/lunog/ros2_course_ws/install/my_py_pkg' in the environment variable AMENT_PREFIX_PATH doesn't exist
[0.272s] WARNING:colcon.colcon_ros.prefix_path.ament:The path '/home/lunog/ros2_course_ws/install/my_cpp_pkg' in the environment variable AMENT_PREFIX_PATH doesn't exist
[0.272s] WARNING:colcon.colcon_ros.prefix_path.catkin:The path '/home/lunog/ros2_course_ws/install/my_cpp_pkg' in the environment variable CMAKE_PREFIX_PATH doesn't exist
[0.273s] DEBUG:colcon.colcon_installed_package_information.package_discovery:Found 0 installed packages in /home/lunog/ros2_course_ws/install
[0.273s] DEBUG:colcon.colcon_installed_package_information.package_discovery:Found 3 installed packages in /home/lunog/drone_fleet_manager/install
[0.274s] DEBUG:colcon.colcon_installed_package_information.package_discovery:Found 330 installed packages in /opt/ros/humble
[0.275s] Level 1:colcon.colcon_core.package_discovery:discover_packages(prefix_path) using defaults
[0.307s] Level 5:colcon.colcon_core.verb:set package 'my_cpp_pkg' build argument 'cmake_args' from command line to 'None'
[0.308s] Level 5:colcon.colcon_core.verb:set package 'my_cpp_pkg' build argument 'cmake_target' from command line to 'None'
[0.308s] Level 5:colcon.colcon_core.verb:set package 'my_cpp_pkg' build argument 'cmake_target_skip_unavailable' from command line to 'False'
[0.308s] Level 5:colcon.colcon_core.verb:set package 'my_cpp_pkg' build argument 'cmake_clean_cache' from command line to 'False'
[0.308s] Level 5:colcon.colcon_core.verb:set package 'my_cpp_pkg' build argument 'cmake_clean_first' from command line to 'False'
[0.308s] Level 5:colcon.colcon_core.verb:set package 'my_cpp_pkg' build argument 'cmake_force_configure' from command line to 'False'
[0.308s] Level 5:colcon.colcon_core.verb:set package 'my_cpp_pkg' build argument 'ament_cmake_args' from command line to 'None'
[0.308s] Level 5:colcon.colcon_core.verb:set package 'my_cpp_pkg' build argument 'catkin_cmake_args' from command line to 'None'
[0.308s] Level 5:colcon.colcon_core.verb:set package 'my_cpp_pkg' build argument 'catkin_skip_building_tests' from command line to 'False'
[0.308s] DEBUG:colcon.colcon_core.verb:Building package 'my_cpp_pkg' with the following arguments: {'ament_cmake_args': None, 'build_base': '/home/lunog/ros2_course_ws/build/my_cpp_pkg', 'catkin_cmake_args': None, 'catkin_skip_building_tests': False, 'cmake_args': None, 'cmake_clean_cache': False, 'cmake_clean_first': False, 'cmake_force_configure': False, 'cmake_target': None, 'cmake_target_skip_unavailable': False, 'install_base': '/home/lunog/ros2_course_ws/install/my_cpp_pkg', 'merge_install': False, 'path': '/home/lunog/ros2_course_ws/src/my_cpp_pkg', 'symlink_install': False, 'test_result_base': None}
[0.308s] Level 5:colcon.colcon_core.verb:set package 'my_py_pkg' build argument 'cmake_args' from command line to 'None'
[0.308s] Level 5:colcon.colcon_core.verb:set package 'my_py_pkg' build argument 'cmake_target' from command line to 'None'
[0.308s] Level 5:colcon.colcon_core.verb:set package 'my_py_pkg' build argument 'cmake_target_skip_unavailable' from command line to 'False'
[0.308s] Level 5:colcon.colcon_core.verb:set package 'my_py_pkg' build argument 'cmake_clean_cache' from command line to 'False'
[0.308s] Level 5:colcon.colcon_core.verb:set package 'my_py_pkg' build argument 'cmake_clean_first' from command line to 'False'
[0.308s] Level 5:colcon.colcon_core.verb:set package 'my_py_pkg' build argument 'cmake_force_configure' from command line to 'False'
[0.308s] Level 5:colcon.colcon_core.verb:set package 'my_py_pkg' build argument 'ament_cmake_args' from command line to 'None'
[0.308s] Level 5:colcon.colcon_core.verb:set package 'my_py_pkg' build argument 'catkin_cmake_args' from command line to 'None'
[0.308s] Level 5:colcon.colcon_core.verb:set package 'my_py_pkg' build argument 'catkin_skip_building_tests' from command line to 'False'
[0.308s] DEBUG:colcon.colcon_core.verb:Building package 'my_py_pkg' with the following arguments: {'ament_cmake_args': None, 'build_base': '/home/lunog/ros2_course_ws/build/my_py_pkg', 'catkin_cmake_args': None, 'catkin_skip_building_tests': False, 'cmake_args': None, 'cmake_clean_cache': False, 'cmake_clean_first': False, 'cmake_force_configure': False, 'cmake_target': None, 'cmake_target_skip_unavailable': False, 'install_base': '/home/lunog/ros2_course_ws/install/my_py_pkg', 'merge_install': False, 'path': '/home/lunog/ros2_course_ws/src/my_py_pkg', 'symlink_install': False, 'test_result_base': None}
[0.308s] INFO:colcon.colcon_core.executor:Executing jobs using 'parallel' executor
[0.309s] DEBUG:colcon.colcon_parallel_executor.executor.parallel:run_until_complete
[0.309s] INFO:colcon.colcon_ros.task.ament_cmake.build:Building ROS package in '/home/lunog/ros2_course_ws/src/my_cpp_pkg' with build type 'ament_cmake'
[0.309s] INFO:colcon.colcon_cmake.task.cmake.build:Building CMake package in '/home/lunog/ros2_course_ws/src/my_cpp_pkg'
[0.311s] INFO:colcon.colcon_core.plugin_system:Skipping extension 'colcon_core.shell.bat': Not used on non-Windows systems
[0.311s] INFO:colcon.colcon_core.shell:Skip shell extension 'powershell' for command environment: Not usable outside of PowerShell
[0.311s] DEBUG:colcon.colcon_core.shell:Skip shell extension 'dsv' for command environment
[0.314s] INFO:colcon.colcon_ros.task.ament_python.build:Building ROS package in '/home/lunog/ros2_course_ws/src/my_py_pkg' with build type 'ament_python'
[0.314s] Level 1:colcon.colcon_core.shell:create_environment_hook('my_py_pkg', 'ament_prefix_path')
[0.314s] INFO:colcon.colcon_core.shell:Creating environment hook '/home/lunog/ros2_course_ws/install/my_py_pkg/share/my_py_pkg/hook/ament_prefix_path.ps1'
[0.315s] INFO:colcon.colcon_core.shell:Creating environment descriptor '/home/lunog/ros2_course_ws/install/my_py_pkg/share/my_py_pkg/hook/ament_prefix_path.dsv'
[0.315s] INFO:colcon.colcon_core.shell:Creating environment hook '/home/lunog/ros2_course_ws/install/my_py_pkg/share/my_py_pkg/hook/ament_prefix_path.sh'
[0.316s] INFO:colcon.colcon_core.shell:Skip shell extension 'powershell' for command environment: Not usable outside of PowerShell
[0.316s] DEBUG:colcon.colcon_core.shell:Skip shell extension 'dsv' for command environment
[0.322s] DEBUG:colcon.colcon_core.event_handler.log_command:Invoking command in '/home/lunog/ros2_course_ws/build/my_cpp_pkg': CMAKE_PREFIX_PATH=${CMAKE_PREFIX_PATH}:/home/lunog/ros2_course_ws/install/my_py_pkg:/opt/ros/humble /usr/bin/cmake /home/lunog/ros2_course_ws/src/my_cpp_pkg -DCMAKE_INSTALL_PREFIX=/home/lunog/ros2_course_ws/install/my_cpp_pkg
[0.563s] INFO:colcon.colcon_core.task.python.build:Building Python package in '/home/lunog/ros2_course_ws/src/my_py_pkg'
[0.563s] INFO:colcon.colcon_core.shell:Skip shell extension 'powershell' for command environment: Not usable outside of PowerShell
[0.563s] DEBUG:colcon.colcon_core.shell:Skip shell extension 'dsv' for command environment
[0.899s] DEBUG:colcon.colcon_core.event_handler.log_command:Invoking command in '/home/lunog/ros2_course_ws/src/my_py_pkg': PYTHONPATH=/home/lunog/ros2_course_ws/build/my_py_pkg/prefix_override:/usr/lib/python3/dist-packages/colcon_core/task/python/colcon_distutils_commands:/home/lunog/ros2_course_ws/install/my_py_pkg/lib/python3.10/site-packages:${PYTHONPATH} /usr/bin/python3 -W ignore:setup.py install is deprecated -W ignore:easy_install command is deprecated setup.py egg_info --egg-base ../../build/my_py_pkg build --build-base /home/lunog/ros2_course_ws/build/my_py_pkg/build install --record /home/lunog/ros2_course_ws/build/my_py_pkg/install.log --single-version-externally-managed install_data
[1.163s] DEBUG:colcon.colcon_core.event_handler.log_command:Invoked command in '/home/lunog/ros2_course_ws/src/my_py_pkg' returned '0': PYTHONPATH=/home/lunog/ros2_course_ws/build/my_py_pkg/prefix_override:/usr/lib/python3/dist-packages/colcon_core/task/python/colcon_distutils_commands:/home/lunog/ros2_course_ws/install/my_py_pkg/lib/python3.10/site-packages:${PYTHONPATH} /usr/bin/python3 -W ignore:setup.py install is deprecated -W ignore:easy_install command is deprecated setup.py egg_info --egg-base ../../build/my_py_pkg build --build-base /home/lunog/ros2_course_ws/build/my_py_pkg/build install --record /home/lunog/ros2_course_ws/build/my_py_pkg/install.log --single-version-externally-managed install_data
[1.164s] Level 1:colcon.colcon_core.environment:checking '/home/lunog/ros2_course_ws/install/my_py_pkg' for CMake module files
[1.164s] Level 1:colcon.colcon_core.environment:checking '/home/lunog/ros2_course_ws/install/my_py_pkg' for CMake config files
[1.165s] Level 1:colcon.colcon_core.environment:checking '/home/lunog/ros2_course_ws/install/my_py_pkg/lib'
[1.165s] Level 1:colcon.colcon_core.environment:checking '/home/lunog/ros2_course_ws/install/my_py_pkg/bin'
[1.165s] Level 1:colcon.colcon_core.environment:checking '/home/lunog/ros2_course_ws/install/my_py_pkg/lib/pkgconfig/my_py_pkg.pc'
[1.165s] Level 1:colcon.colcon_core.environment:checking '/home/lunog/ros2_course_ws/install/my_py_pkg/lib/python3.10/site-packages'
[1.165s] Level 1:colcon.colcon_core.shell:create_environment_hook('my_py_pkg', 'pythonpath')
[1.166s] INFO:colcon.colcon_core.shell:Creating environment hook '/home/lunog/ros2_course_ws/install/my_py_pkg/share/my_py_pkg/hook/pythonpath.ps1'
[1.166s] INFO:colcon.colcon_core.shell:Creating environment descriptor '/home/lunog/ros2_course_ws/install/my_py_pkg/share/my_py_pkg/hook/pythonpath.dsv'
[1.166s] INFO:colcon.colcon_core.shell:Creating environment hook '/home/lunog/ros2_course_ws/install/my_py_pkg/share/my_py_pkg/hook/pythonpath.sh'
[1.167s] Level 1:colcon.colcon_core.environment:checking '/home/lunog/ros2_course_ws/install/my_py_pkg/bin'
[1.167s] Level 1:colcon.colcon_core.environment:create_environment_scripts_only(my_py_pkg)
[1.167s] INFO:colcon.colcon_core.shell:Creating package script '/home/lunog/ros2_course_ws/install/my_py_pkg/share/my_py_pkg/package.ps1'
[1.168s] INFO:colcon.colcon_core.shell:Creating package descriptor '/home/lunog/ros2_course_ws/install/my_py_pkg/share/my_py_pkg/package.dsv'
[1.168s] INFO:colcon.colcon_core.shell:Creating package script '/home/lunog/ros2_course_ws/install/my_py_pkg/share/my_py_pkg/package.sh'
[1.168s] INFO:colcon.colcon_core.shell:Creating package script '/home/lunog/ros2_course_ws/install/my_py_pkg/share/my_py_pkg/package.bash'
[1.169s] INFO:colcon.colcon_core.shell:Creating package script '/home/lunog/ros2_course_ws/install/my_py_pkg/share/my_py_pkg/package.zsh'
[1.169s] Level 1:colcon.colcon_core.environment:create_file_with_runtime_dependencies(/home/lunog/ros2_course_ws/install/my_py_pkg/share/colcon-core/packages/my_py_pkg)
[1.336s] DEBUG:colcon.colcon_core.event_handler.log_command:Invoked command in '/home/lunog/ros2_course_ws/build/my_cpp_pkg' returned '0': CMAKE_PREFIX_PATH=${CMAKE_PREFIX_PATH}:/home/lunog/ros2_course_ws/install/my_py_pkg:/opt/ros/humble /usr/bin/cmake /home/lunog/ros2_course_ws/src/my_cpp_pkg -DCMAKE_INSTALL_PREFIX=/home/lunog/ros2_course_ws/install/my_cpp_pkg
[1.338s] DEBUG:colcon.colcon_core.event_handler.log_command:Invoking command in '/home/lunog/ros2_course_ws/build/my_cpp_pkg': CMAKE_PREFIX_PATH=${CMAKE_PREFIX_PATH}:/home/lunog/ros2_course_ws/install/my_py_pkg:/opt/ros/humble /usr/bin/cmake --build /home/lunog/ros2_course_ws/build/my_cpp_pkg -- -j16 -l16
[3.722s] DEBUG:colcon.colcon_core.event_handler.log_command:Invoked command in '/home/lunog/ros2_course_ws/build/my_cpp_pkg' returned '0': CMAKE_PREFIX_PATH=${CMAKE_PREFIX_PATH}:/home/lunog/ros2_course_ws/install/my_py_pkg:/opt/ros/humble /usr/bin/cmake --build /home/lunog/ros2_course_ws/build/my_cpp_pkg -- -j16 -l16
[3.731s] DEBUG:colcon.colcon_core.event_handler.log_command:Invoking command in '/home/lunog/ros2_course_ws/build/my_cpp_pkg': CMAKE_PREFIX_PATH=${CMAKE_PREFIX_PATH}:/home/lunog/ros2_course_ws/install/my_py_pkg:/opt/ros/humble /usr/bin/cmake --install /home/lunog/ros2_course_ws/build/my_cpp_pkg
[3.742s] Level 1:colcon.colcon_core.environment:create_environment_scripts_only(my_cpp_pkg)
[3.742s] Level 1:colcon.colcon_core.environment:checking '/home/lunog/ros2_course_ws/install/my_cpp_pkg' for CMake module files
[3.742s] DEBUG:colcon.colcon_core.event_handler.log_command:Invoked command in '/home/lunog/ros2_course_ws/build/my_cpp_pkg' returned '0': CMAKE_PREFIX_PATH=${CMAKE_PREFIX_PATH}:/home/lunog/ros2_course_ws/install/my_py_pkg:/opt/ros/humble /usr/bin/cmake --install /home/lunog/ros2_course_ws/build/my_cpp_pkg
[3.743s] Level 1:colcon.colcon_core.environment:checking '/home/lunog/ros2_course_ws/install/my_cpp_pkg' for CMake config files
[3.743s] Level 1:colcon.colcon_core.shell:create_environment_hook('my_cpp_pkg', 'cmake_prefix_path')
[3.743s] INFO:colcon.colcon_core.shell:Creating environment hook '/home/lunog/ros2_course_ws/install/my_cpp_pkg/share/my_cpp_pkg/hook/cmake_prefix_path.ps1'
[3.744s] INFO:colcon.colcon_core.shell:Creating environment descriptor '/home/lunog/ros2_course_ws/install/my_cpp_pkg/share/my_cpp_pkg/hook/cmake_prefix_path.dsv'
[3.744s] INFO:colcon.colcon_core.shell:Creating environment hook '/home/lunog/ros2_course_ws/install/my_cpp_pkg/share/my_cpp_pkg/hook/cmake_prefix_path.sh'
[3.744s] Level 1:colcon.colcon_core.environment:checking '/home/lunog/ros2_course_ws/install/my_cpp_pkg/lib'
[3.744s] Level 1:colcon.colcon_core.environment:checking '/home/lunog/ros2_course_ws/install/my_cpp_pkg/bin'
[3.744s] Level 1:colcon.colcon_core.environment:checking '/home/lunog/ros2_course_ws/install/my_cpp_pkg/lib/pkgconfig/my_cpp_pkg.pc'
[3.745s] Level 1:colcon.colcon_core.environment:checking '/home/lunog/ros2_course_ws/install/my_cpp_pkg/lib/python3.10/site-packages'
[3.745s] Level 1:colcon.colcon_core.environment:checking '/home/lunog/ros2_course_ws/install/my_cpp_pkg/bin'
[3.745s] INFO:colcon.colcon_core.shell:Creating package script '/home/lunog/ros2_course_ws/install/my_cpp_pkg/share/my_cpp_pkg/package.ps1'
[3.746s] INFO:colcon.colcon_core.shell:Creating package descriptor '/home/lunog/ros2_course_ws/install/my_cpp_pkg/share/my_cpp_pkg/package.dsv'
[3.746s] INFO:colcon.colcon_core.shell:Creating package script '/home/lunog/ros2_course_ws/install/my_cpp_pkg/share/my_cpp_pkg/package.sh'
[3.747s] INFO:colcon.colcon_core.shell:Creating package script '/home/lunog/ros2_course_ws/install/my_cpp_pkg/share/my_cpp_pkg/package.bash'
[3.748s] INFO:colcon.colcon_core.shell:Creating package script '/home/lunog/ros2_course_ws/install/my_cpp_pkg/share/my_cpp_pkg/package.zsh'
[3.749s] Level 1:colcon.colcon_core.environment:create_file_with_runtime_dependencies(/home/lunog/ros2_course_ws/install/my_cpp_pkg/share/colcon-core/packages/my_cpp_pkg)
[3.750s] Level 1:colcon.colcon_core.environment:create_environment_scripts_only(my_cpp_pkg)
[3.750s] Level 1:colcon.colcon_core.environment:checking '/home/lunog/ros2_course_ws/install/my_cpp_pkg' for CMake module files
[3.751s] Level 1:colcon.colcon_core.environment:checking '/home/lunog/ros2_course_ws/install/my_cpp_pkg' for CMake config files
[3.751s] Level 1:colcon.colcon_core.shell:create_environment_hook('my_cpp_pkg', 'cmake_prefix_path')
[3.751s] INFO:colcon.colcon_core.shell:Creating environment hook '/home/lunog/ros2_course_ws/install/my_cpp_pkg/share/my_cpp_pkg/hook/cmake_prefix_path.ps1'
[3.751s] INFO:colcon.colcon_core.shell:Creating environment descriptor '/home/lunog/ros2_course_ws/install/my_cpp_pkg/share/my_cpp_pkg/hook/cmake_prefix_path.dsv'
[3.751s] INFO:colcon.colcon_core.shell:Creating environment hook '/home/lunog/ros2_course_ws/install/my_cpp_pkg/share/my_cpp_pkg/hook/cmake_prefix_path.sh'
[3.752s] Level 1:colcon.colcon_core.environment:checking '/home/lunog/ros2_course_ws/install/my_cpp_pkg/lib'
[3.752s] Level 1:colcon.colcon_core.environment:checking '/home/lunog/ros2_course_ws/install/my_cpp_pkg/bin'
[3.752s] Level 1:colcon.colcon_core.environment:checking '/home/lunog/ros2_course_ws/install/my_cpp_pkg/lib/pkgconfig/my_cpp_pkg.pc'
[3.752s] Level 1:colcon.colcon_core.environment:checking '/home/lunog/ros2_course_ws/install/my_cpp_pkg/lib/python3.10/site-packages'
[3.752s] Level 1:colcon.colcon_core.environment:checking '/home/lunog/ros2_course_ws/install/my_cpp_pkg/bin'
[3.752s] INFO:colcon.colcon_core.shell:Creating package script '/home/lunog/ros2_course_ws/install/my_cpp_pkg/share/my_cpp_pkg/package.ps1'
[3.753s] INFO:colcon.colcon_core.shell:Creating package descriptor '/home/lunog/ros2_course_ws/install/my_cpp_pkg/share/my_cpp_pkg/package.dsv'
[3.753s] INFO:colcon.colcon_core.shell:Creating package script '/home/lunog/ros2_course_ws/install/my_cpp_pkg/share/my_cpp_pkg/package.sh'
[3.753s] INFO:colcon.colcon_core.shell:Creating package script '/home/lunog/ros2_course_ws/install/my_cpp_pkg/share/my_cpp_pkg/package.bash'
[3.754s] INFO:colcon.colcon_core.shell:Creating package script '/home/lunog/ros2_course_ws/install/my_cpp_pkg/share/my_cpp_pkg/package.zsh'
[3.754s] Level 1:colcon.colcon_core.environment:create_file_with_runtime_dependencies(/home/lunog/ros2_course_ws/install/my_cpp_pkg/share/colcon-core/packages/my_cpp_pkg)
[3.754s] DEBUG:colcon.colcon_parallel_executor.executor.parallel:closing loop
[3.754s] DEBUG:colcon.colcon_parallel_executor.executor.parallel:loop closed
[3.754s] DEBUG:colcon.colcon_parallel_executor.executor.parallel:run_until_complete finished with '0'
[3.754s] DEBUG:colcon.colcon_core.event_reactor:joining thread
[3.761s] INFO:colcon.colcon_core.plugin_system:Skipping extension 'colcon_notification.desktop_notification.terminal_notifier': Not used on non-Darwin systems
[3.761s] INFO:colcon.colcon_core.plugin_system:Skipping extension 'colcon_notification.desktop_notification.win32': Not used on non-Windows systems
[3.761s] INFO:colcon.colcon_notification.desktop_notification:Sending desktop notification using 'notify2'
[3.769s] DEBUG:colcon.colcon_core.event_reactor:joined thread
[3.769s] INFO:colcon.colcon_core.shell:Creating prefix script '/home/lunog/ros2_course_ws/install/local_setup.ps1'
[3.770s] INFO:colcon.colcon_core.shell:Creating prefix util module '/home/lunog/ros2_course_ws/install/_local_setup_util_ps1.py'
[3.771s] INFO:colcon.colcon_core.shell:Creating prefix chain script '/home/lunog/ros2_course_ws/install/setup.ps1'
[3.772s] INFO:colcon.colcon_core.shell:Creating prefix script '/home/lunog/ros2_course_ws/install/local_setup.sh'
[3.773s] INFO:colcon.colcon_core.shell:Creating prefix util module '/home/lunog/ros2_course_ws/install/_local_setup_util_sh.py'
[3.773s] INFO:colcon.colcon_core.shell:Creating prefix chain script '/home/lunog/ros2_course_ws/install/setup.sh'
[3.774s] INFO:colcon.colcon_core.shell:Creating prefix script '/home/lunog/ros2_course_ws/install/local_setup.bash'
[3.774s] INFO:colcon.colcon_core.shell:Creating prefix chain script '/home/lunog/ros2_course_ws/install/setup.bash'
[3.775s] INFO:colcon.colcon_core.shell:Creating prefix script '/home/lunog/ros2_course_ws/install/local_setup.zsh'
[3.775s] INFO:colcon.colcon_core.shell:Creating prefix chain script '/home/lunog/ros2_course_ws/install/setup.zsh'
