[0.010s] Invoking command in '/home/lunog/ros2_course_ws/build/activity1': CMAKE_PREFIX_PATH=${CMAKE_PREFIX_PATH}:/home/lunog/ros2_course_ws/install/my_py_pkg:/opt/ros/humble /usr/bin/cmake --build /home/lunog/ros2_course_ws/build/activity1 -- -j16 -l16
[0.050s] [35m[1mConsolidate compiler generated dependencies of target robot_new_station[0m
[0.067s] [ 50%] [32mBuilding CXX object CMakeFiles/robot_new_station.dir/src/robot_new_station.cpp.o[0m
[3.180s] [100%] [32m[1mLinking CXX executable robot_new_station[0m
[3.319s] [100%] Built target robot_new_station
[3.331s] Invoked command in '/home/lunog/ros2_course_ws/build/activity1' returned '0': CMAKE_PREFIX_PATH=${CMAKE_PREFIX_PATH}:/home/lunog/ros2_course_ws/install/my_py_pkg:/opt/ros/humble /usr/bin/cmake --build /home/lunog/ros2_course_ws/build/activity1 -- -j16 -l16
[3.343s] Invoking command in '/home/lunog/ros2_course_ws/build/activity1': CMAKE_PREFIX_PATH=${CMAKE_PREFIX_PATH}:/home/lunog/ros2_course_ws/install/my_py_pkg:/opt/ros/humble /usr/bin/cmake --install /home/lunog/ros2_course_ws/build/activity1
[3.349s] -- Install configuration: ""
[3.350s] -- Up-to-date: /home/lunog/ros2_course_ws/install/activity1/share/ament_index/resource_index/package_run_dependencies/activity1
[3.350s] -- Up-to-date: /home/lunog/ros2_course_ws/install/activity1/share/ament_index/resource_index/parent_prefix_path/activity1
[3.350s] -- Up-to-date: /home/lunog/ros2_course_ws/install/activity1/share/activity1/environment/ament_prefix_path.sh
[3.350s] -- Up-to-date: /home/lunog/ros2_course_ws/install/activity1/share/activity1/environment/ament_prefix_path.dsv
[3.350s] -- Up-to-date: /home/lunog/ros2_course_ws/install/activity1/share/activity1/environment/path.sh
[3.350s] -- Up-to-date: /home/lunog/ros2_course_ws/install/activity1/share/activity1/environment/path.dsv
[3.350s] -- Up-to-date: /home/lunog/ros2_course_ws/install/activity1/share/activity1/local_setup.bash
[3.350s] -- Up-to-date: /home/lunog/ros2_course_ws/install/activity1/share/activity1/local_setup.sh
[3.350s] -- Up-to-date: /home/lunog/ros2_course_ws/install/activity1/share/activity1/local_setup.zsh
[3.350s] -- Up-to-date: /home/lunog/ros2_course_ws/install/activity1/share/activity1/local_setup.dsv
[3.350s] -- Installing: /home/lunog/ros2_course_ws/install/activity1/share/activity1/package.dsv
[3.350s] -- Up-to-date: /home/lunog/ros2_course_ws/install/activity1/share/ament_index/resource_index/packages/activity1
[3.350s] -- Up-to-date: /home/lunog/ros2_course_ws/install/activity1/share/activity1/cmake/activity1Config.cmake
[3.350s] -- Up-to-date: /home/lunog/ros2_course_ws/install/activity1/share/activity1/cmake/activity1Config-version.cmake
[3.351s] -- Up-to-date: /home/lunog/ros2_course_ws/install/activity1/share/activity1/package.xml
[3.351s] -- Installing: /home/lunog/ros2_course_ws/install/activity1/lib/activity1/robot_new_station
[3.352s] -- Set runtime path of "/home/lunog/ros2_course_ws/install/activity1/lib/activity1/robot_new_station" to ""
[3.354s] Invoked command in '/home/lunog/ros2_course_ws/build/activity1' returned '0': CMAKE_PREFIX_PATH=${CMAKE_PREFIX_PATH}:/home/lunog/ros2_course_ws/install/my_py_pkg:/opt/ros/humble /usr/bin/cmake --install /home/lunog/ros2_course_ws/build/activity1
