[0.010s] Invoking command in '/home/lunog/ros2_course_ws/build/activity1': CMAKE_PREFIX_PATH=${CMAKE_PREFIX_PATH}:/home/lunog/ros2_course_ws/install/my_py_pkg:/opt/ros/humble /usr/bin/cmake --build /home/lunog/ros2_course_ws/build/activity1 -- -j16 -l16
[0.050s] [35m[1mConsolidate compiler generated dependencies of target robot_new_station[0m
[0.067s] [ 50%] [32mBuilding CXX object CMakeFiles/robot_new_station.dir/src/robot_new_station.cpp.o[0m
[2.330s] [100%] [32m[1mLinking CXX executable robot_new_station[0m
[2.424s] [100%] Built target robot_new_station
[2.438s] Invoked command in '/home/lunog/ros2_course_ws/build/activity1' returned '0': CMAKE_PREFIX_PATH=${CMAKE_PREFIX_PATH}:/home/lunog/ros2_course_ws/install/my_py_pkg:/opt/ros/humble /usr/bin/cmake --build /home/lunog/ros2_course_ws/build/activity1 -- -j16 -l16
[2.448s] Invoking command in '/home/lunog/ros2_course_ws/build/activity1': CMAKE_PREFIX_PATH=${CMAKE_PREFIX_PATH}:/home/lunog/ros2_course_ws/install/my_py_pkg:/opt/ros/humble /usr/bin/cmake --install /home/lunog/ros2_course_ws/build/activity1
[2.455s] -- Install configuration: ""
[2.455s] -- Installing: /home/lunog/ros2_course_ws/install/activity1/share/ament_index/resource_index/package_run_dependencies/activity1
[2.455s] -- Installing: /home/lunog/ros2_course_ws/install/activity1/share/ament_index/resource_index/parent_prefix_path/activity1
[2.455s] -- Installing: /home/lunog/ros2_course_ws/install/activity1/share/activity1/environment/ament_prefix_path.sh
[2.456s] -- Installing: /home/lunog/ros2_course_ws/install/activity1/share/activity1/environment/ament_prefix_path.dsv
[2.456s] -- Installing: /home/lunog/ros2_course_ws/install/activity1/share/activity1/environment/path.sh
[2.456s] -- Installing: /home/lunog/ros2_course_ws/install/activity1/share/activity1/environment/path.dsv
[2.456s] -- Installing: /home/lunog/ros2_course_ws/install/activity1/share/activity1/local_setup.bash
[2.456s] -- Installing: /home/lunog/ros2_course_ws/install/activity1/share/activity1/local_setup.sh
[2.456s] -- Installing: /home/lunog/ros2_course_ws/install/activity1/share/activity1/local_setup.zsh
[2.456s] -- Installing: /home/lunog/ros2_course_ws/install/activity1/share/activity1/local_setup.dsv
[2.456s] -- Installing: /home/lunog/ros2_course_ws/install/activity1/share/activity1/package.dsv
[2.457s] -- Installing: /home/lunog/ros2_course_ws/install/activity1/share/ament_index/resource_index/packages/activity1
[2.457s] -- Installing: /home/lunog/ros2_course_ws/install/activity1/share/activity1/cmake/activity1Config.cmake
[2.457s] -- Installing: /home/lunog/ros2_course_ws/install/activity1/share/activity1/cmake/activity1Config-version.cmake
[2.457s] -- Installing: /home/lunog/ros2_course_ws/install/activity1/share/activity1/package.xml
[2.457s] -- Installing: /home/lunog/ros2_course_ws/install/activity1/lib/activity1/robot_new_station
[2.458s] -- Set runtime path of "/home/lunog/ros2_course_ws/install/activity1/lib/activity1/robot_new_station" to ""
[2.459s] Invoked command in '/home/lunog/ros2_course_ws/build/activity1' returned '0': CMAKE_PREFIX_PATH=${CMAKE_PREFIX_PATH}:/home/lunog/ros2_course_ws/install/my_py_pkg:/opt/ros/humble /usr/bin/cmake --install /home/lunog/ros2_course_ws/build/activity1
