[0.009s] Invoking command in '/home/lunog/ros2_course_ws/build/activity1': CMAKE_PREFIX_PATH=${CMAKE_PREFIX_PATH}:/home/lunog/ros2_course_ws/install/my_py_pkg:/opt/ros/humble /usr/bin/cmake --build /home/lunog/ros2_course_ws/build/activity1 -- -j16 -l16
[0.034s] -- Found ament_cmake: 1.3.13 (/opt/ros/humble/share/ament_cmake/cmake)
[0.157s] -- Found rclcpp: 16.0.18 (/opt/ros/humble/share/rclcpp/cmake)
[0.183s] -- Found rosidl_generator_c: 3.1.8 (/opt/ros/humble/share/rosidl_generator_c/cmake)
[0.184s] -- Found rosidl_adapter: 3.1.8 (/opt/ros/humble/share/rosidl_adapter/cmake)
[0.189s] -- Found rosidl_generator_cpp: 3.1.8 (/opt/ros/humble/share/rosidl_generator_cpp/cmake)
[0.196s] -- Using all available rosidl_typesupport_c: rosidl_typesupport_fastrtps_c;rosidl_typesupport_introspection_c
[0.205s] -- Using all available rosidl_typesupport_cpp: rosidl_typesupport_fastrtps_cpp;rosidl_typesupport_introspection_cpp
[0.229s] -- Found rmw_implementation_cmake: 6.1.2 (/opt/ros/humble/share/rmw_implementation_cmake/cmake)
[0.230s] -- Found rmw_fastrtps_cpp: 6.2.10 (/opt/ros/humble/share/rmw_fastrtps_cpp/cmake)
[0.363s] -- Using RMW implementation 'rmw_fastrtps_cpp' as default
[0.407s] -- Found ament_lint_auto: 0.12.15 (/opt/ros/humble/share/ament_lint_auto/cmake)
[0.465s] -- Added test 'cppcheck' to perform static code analysis on C / C++ code
[0.465s] -- Configured cppcheck include dirs: 
[0.465s] -- Configured cppcheck exclude dirs and/or files: 
[0.465s] -- Added test 'lint_cmake' to check CMake code style
[0.466s] -- Added test 'uncrustify' to check C / C++ code style
[0.466s] -- Configured uncrustify additional arguments: 
[0.466s] -- Added test 'xmllint' to check XML markup files
[0.467s] -- Configuring done
[0.475s] -- Generating done
[0.478s] -- Build files have been written to: /home/lunog/ros2_course_ws/build/activity1
[0.506s] [35m[1mConsolidate compiler generated dependencies of target robot_new_station[0m
[0.523s] [ 50%] [32mBuilding CXX object CMakeFiles/robot_new_station.dir/src/robot_new_station.cpp.o[0m
[2.508s] [01m[K/home/lunog/ros2_course_ws/src/activity1/src/robot_new_station.cpp:[m[K In member function ‘[01m[Kvoid RobotNewStation::timerCallback()[m[K’:
[2.508s] [01m[K/home/lunog/ros2_course_ws/src/activity1/src/robot_new_station.cpp:21:5:[m[K [01;31m[Kerror: [m[Kexpected ‘[01m[K;[m[K’ before ‘[01m[K}[m[K’ token
[2.508s]    21 |     [01;31m[K}[m[K
[2.508s]       |     [01;31m[K^[m[K
[2.927s] gmake[2]: *** [CMakeFiles/robot_new_station.dir/build.make:76: CMakeFiles/robot_new_station.dir/src/robot_new_station.cpp.o] Error 1
[2.927s] gmake[1]: *** [CMakeFiles/Makefile2:137: CMakeFiles/robot_new_station.dir/all] Error 2
[2.928s] gmake: *** [Makefile:146: all] Error 2
[2.931s] Invoked command in '/home/lunog/ros2_course_ws/build/activity1' returned '2': CMAKE_PREFIX_PATH=${CMAKE_PREFIX_PATH}:/home/lunog/ros2_course_ws/install/my_py_pkg:/opt/ros/humble /usr/bin/cmake --build /home/lunog/ros2_course_ws/build/activity1 -- -j16 -l16
