[0.009s] Invoking command in '/home/lunog/ros2_course_ws/build/activity1': CMAKE_PREFIX_PATH=${CMAKE_PREFIX_PATH}:/home/lunog/ros2_course_ws/install/my_py_pkg:/opt/ros/humble /usr/bin/cmake /home/lunog/ros2_course_ws/src/activity1 -DCMAKE_INSTALL_PREFIX=/home/lunog/ros2_course_ws/install/activity1
[0.020s] -- Found ament_cmake: 1.3.13 (/opt/ros/humble/share/ament_cmake/cmake)
[0.122s] -- Found rclcpp: 16.0.18 (/opt/ros/humble/share/rclcpp/cmake)
[0.147s] -- Found rosidl_generator_c: 3.1.8 (/opt/ros/humble/share/rosidl_generator_c/cmake)
[0.149s] -- Found rosidl_adapter: 3.1.8 (/opt/ros/humble/share/rosidl_adapter/cmake)
[0.154s] -- Found rosidl_generator_cpp: 3.1.8 (/opt/ros/humble/share/rosidl_generator_cpp/cmake)
[0.160s] -- Using all available rosidl_typesupport_c: rosidl_typesupport_fastrtps_c;rosidl_typesupport_introspection_c
[0.169s] -- Using all available rosidl_typesupport_cpp: rosidl_typesupport_fastrtps_cpp;rosidl_typesupport_introspection_cpp
[0.203s] -- Found rmw_implementation_cmake: 6.1.2 (/opt/ros/humble/share/rmw_implementation_cmake/cmake)
[0.204s] -- Found rmw_fastrtps_cpp: 6.2.10 (/opt/ros/humble/share/rmw_fastrtps_cpp/cmake)
[0.311s] -- Using RMW implementation 'rmw_fastrtps_cpp' as default
[0.347s] -- Found ament_lint_auto: 0.12.15 (/opt/ros/humble/share/ament_lint_auto/cmake)
[0.403s] -- Added test 'cppcheck' to perform static code analysis on C / C++ code
[0.403s] -- Configured cppcheck include dirs: 
[0.403s] -- Configured cppcheck exclude dirs and/or files: 
[0.403s] -- Added test 'lint_cmake' to check CMake code style
[0.404s] -- Added test 'uncrustify' to check C / C++ code style
[0.404s] -- Configured uncrustify additional arguments: 
[0.404s] -- Added test 'xmllint' to check XML markup files
[0.405s] -- Configuring done
[0.412s] -- Generating done
[0.415s] -- Build files have been written to: /home/lunog/ros2_course_ws/build/activity1
[0.422s] Invoked command in '/home/lunog/ros2_course_ws/build/activity1' returned '0': CMAKE_PREFIX_PATH=${CMAKE_PREFIX_PATH}:/home/lunog/ros2_course_ws/install/my_py_pkg:/opt/ros/humble /usr/bin/cmake /home/lunog/ros2_course_ws/src/activity1 -DCMAKE_INSTALL_PREFIX=/home/lunog/ros2_course_ws/install/activity1
[0.424s] Invoking command in '/home/lunog/ros2_course_ws/build/activity1': CMAKE_PREFIX_PATH=${CMAKE_PREFIX_PATH}:/home/lunog/ros2_course_ws/install/my_py_pkg:/opt/ros/humble /usr/bin/cmake --build /home/lunog/ros2_course_ws/build/activity1 -- -j16 -l16
[0.493s] [ 50%] [32mBuilding CXX object CMakeFiles/robot_new_station.dir/src/robot_new_station.cpp.o[0m
[2.322s] [01m[K/home/lunog/ros2_course_ws/src/activity1/src/robot_new_station.cpp:20:2:[m[K [01;31m[Kerror: [m[Kexpected ‘[01m[K;[m[K’ after class definition
[2.323s]    20 | }
[2.323s]       |  [01;31m[K^[m[K
[2.323s]       |  [32m[K;[m[K
[2.323s] [01m[K/home/lunog/ros2_course_ws/src/activity1/src/robot_new_station.cpp:[m[K In constructor ‘[01m[KRobotNewStation::RobotNewStation()[m[K’:
[2.323s] [01m[K/home/lunog/ros2_course_ws/src/activity1/src/robot_new_station.cpp:10:37:[m[K [01;31m[Kerror: [m[Kno matching function for call to ‘[01m[Kstd::chrono::duration<long int>::duration(double)[m[K’
[2.323s]    10 |             std::chrono::seconds(0.5[01;31m[K)[m[K,
[2.323s]       |                                     [01;31m[K^[m[K
[2.335s] In file included from [01m[K/home/lunog/ros2_course_ws/src/activity1/src/robot_new_station.cpp:1[m[K:
[2.335s] [01m[K/usr/include/c++/11/chrono:529:21:[m[K [01;36m[Knote: [m[Kcandidate: ‘[01m[Ktemplate<class _Rep2, class _Period2, class> constexpr std::chrono::duration<_Rep, _Period>::duration(const std::chrono::duration<_Rep, _Period>&) [with _Rep2 = _Rep2; _Period2 = _Period2; <template-parameter-2-3> = <template-parameter-1-3>; _Rep = long int; _Period = std::ratio<1>][m[K’
[2.335s]   529 |           constexpr [01;36m[Kduration[m[K(const duration<_Rep2, _Period2>& __d)
[2.335s]       |                     [01;36m[K^~~~~~~~[m[K
[2.335s] [01m[K/usr/include/c++/11/chrono:529:21:[m[K [01;36m[Knote: [m[K  template argument deduction/substitution failed:
[2.335s] [01m[K/home/lunog/ros2_course_ws/src/activity1/src/robot_new_station.cpp:10:37:[m[K [01;36m[Knote: [m[K  mismatched types ‘[01m[Kconst std::chrono::duration<_Rep1, _Period1>[m[K’ and ‘[01m[Kdouble[m[K’
[2.335s]    10 |             std::chrono::seconds(0.5[01;36m[K)[m[K,
[2.335s]       |                                     [01;36m[K^[m[K
[2.335s] In file included from [01m[K/home/lunog/ros2_course_ws/src/activity1/src/robot_new_station.cpp:1[m[K:
[2.335s] [01m[K/usr/include/c++/11/chrono:521:30:[m[K [01;36m[Knote: [m[Kcandidate: ‘[01m[Ktemplate<class _Rep2, class> constexpr std::chrono::duration<_Rep, _Period>::duration(const _Rep2&) [with _Rep2 = _Rep2; <template-parameter-2-2> = <template-parameter-1-2>; _Rep = long int; _Period = std::ratio<1>][m[K’
[2.335s]   521 |           constexpr explicit [01;36m[Kduration[m[K(const _Rep2& __rep)
[2.335s]       |                              [01;36m[K^~~~~~~~[m[K
[2.335s] [01m[K/usr/include/c++/11/chrono:521:30:[m[K [01;36m[Knote: [m[K  template argument deduction/substitution failed:
[2.335s] In file included from [01m[K/usr/include/c++/11/ratio:39[m[K,
[2.335s]                  from [01m[K/usr/include/c++/11/chrono:39[m[K,
[2.336s]                  from [01m[K/home/lunog/ros2_course_ws/src/activity1/src/robot_new_station.cpp:1[m[K:
[2.336s] /usr/include/c++/11/type_traits: In substitution of ‘[01m[Ktemplate<bool _Cond, class _Tp> using __enable_if_t = typename std::enable_if::type [with bool _Cond = false; _Tp = void][m[K’:
[2.336s] [01m[K/usr/include/c++/11/type_traits:2209:11:[m[K   required by substitution of ‘[01m[Ktemplate<class ... _Cond> using _Require = std::__enable_if_t<std::__and_< <template-parameter-1-1> >::value> [with _Cond = {std::is_convertible<const double&, long int>, std::__or_<std::chrono::treat_as_floating_point<long int>, std::__not_<std::chrono::treat_as_floating_point<double> > >}][m[K’
[2.336s] [01m[K/usr/include/c++/11/chrono:518:27:[m[K   required from here
[2.336s] [01m[K/usr/include/c++/11/type_traits:2205:11:[m[K [01;31m[Kerror: [m[Kno type named ‘[01m[Ktype[m[K’ in ‘[01m[Kstruct std::enable_if<false, void>[m[K’
[2.336s]  2205 |     using [01;31m[K__enable_if_t[m[K = typename enable_if<_Cond, _Tp>::type;
[2.336s]       |           [01;31m[K^~~~~~~~~~~~~[m[K
[2.336s] In file included from [01m[K/home/lunog/ros2_course_ws/src/activity1/src/robot_new_station.cpp:1[m[K:
[2.336s] [01m[K/usr/include/c++/11/chrono:514:9:[m[K [01;36m[Knote: [m[Kcandidate: ‘[01m[Kconstexpr std::chrono::duration<_Rep, _Period>::duration(const std::chrono::duration<_Rep, _Period>&) [with _Rep = long int; _Period = std::ratio<1>][m[K’
[2.336s]   514 |         [01;36m[Kduration[m[K(const duration&) = default;
[2.336s]       |         [01;36m[K^~~~~~~~[m[K
[2.336s] [01m[K/usr/include/c++/11/chrono:514:18:[m[K [01;36m[Knote: [m[K  no known conversion for argument 1 from ‘[01m[Kdouble[m[K’ to ‘[01m[Kconst std::chrono::duration<long int>&[m[K’
[2.336s]   514 |         duration([01;36m[Kconst duration&[m[K) = default;
[2.336s]       |                  [01;36m[K^~~~~~~~~~~~~~~[m[K
[2.336s] [01m[K/usr/include/c++/11/chrono:512:19:[m[K [01;36m[Knote: [m[Kcandidate: ‘[01m[Kstd::chrono::duration<_Rep, _Period>::duration() [with _Rep = long int; _Period = std::ratio<1>][m[K’
[2.336s]   512 |         constexpr [01;36m[Kduration[m[K() = default;
[2.336s]       |                   [01;36m[K^~~~~~~~[m[K
[2.336s] [01m[K/usr/include/c++/11/chrono:512:19:[m[K [01;36m[Knote: [m[K  candidate expects 0 arguments, 1 provided
[2.342s] [01m[K/home/lunog/ros2_course_ws/src/activity1/src/robot_new_station.cpp:9:18:[m[K [01;31m[Kerror: [m[K‘[01m[Kcreat_wall_timer[m[K’ was not declared in this scope; did you mean ‘[01m[Kcreate_wall_timer[m[K’?
[2.342s]     9 |         timer_ = [01;31m[Kcreat_wall_timer[m[K(
[2.342s]       |                  [01;31m[K^~~~~~~~~~~~~~~~[m[K
[2.342s]       |                  [32m[Kcreate_wall_timer[m[K
[2.343s] In file included from [01m[K/opt/ros/humble/include/rclcpp/rclcpp/logging.hpp:24[m[K,
[2.343s]                  from [01m[K/opt/ros/humble/include/rclcpp/rclcpp/client.hpp:40[m[K,
[2.343s]                  from [01m[K/opt/ros/humble/include/rclcpp/rclcpp/callback_group.hpp:24[m[K,
[2.343s]                  from [01m[K/opt/ros/humble/include/rclcpp/rclcpp/any_executable.hpp:20[m[K,
[2.343s]                  from [01m[K/opt/ros/humble/include/rclcpp/rclcpp/memory_strategy.hpp:25[m[K,
[2.343s]                  from [01m[K/opt/ros/humble/include/rclcpp/rclcpp/memory_strategies.hpp:18[m[K,
[2.343s]                  from [01m[K/opt/ros/humble/include/rclcpp/rclcpp/executor_options.hpp:20[m[K,
[2.343s]                  from [01m[K/opt/ros/humble/include/rclcpp/rclcpp/executor.hpp:37[m[K,
[2.343s]                  from [01m[K/opt/ros/humble/include/rclcpp/rclcpp/executors/multi_threaded_executor.hpp:25[m[K,
[2.343s]                  from [01m[K/opt/ros/humble/include/rclcpp/rclcpp/executors.hpp:21[m[K,
[2.343s]                  from [01m[K/opt/ros/humble/include/rclcpp/rclcpp/rclcpp.hpp:155[m[K,
[2.343s]                  from [01m[K/home/lunog/ros2_course_ws/src/activity1/src/robot_new_station.cpp:5[m[K:
[2.343s] [01m[K/home/lunog/ros2_course_ws/src/activity1/src/robot_new_station.cpp:[m[K In member function ‘[01m[Kvoid RobotNewStation::timerCallback()[m[K’:
[2.344s] [01m[K/home/lunog/ros2_course_ws/src/activity1/src/robot_new_station.cpp:16:55:[m[K [01;31m[Kerror: [m[Kexpected ‘[01m[K)[m[K’ before ‘[01m[Kcounter[m[K’
[2.344s]    16 |         RCLCPP_INFO(get_logger(), "robot_new_station" [01;31m[Kcounter[m[K)
[2.344s]       |                                                       [01;31m[K^~~~~~~[m[K
[2.344s] [01m[K/home/lunog/ros2_course_ws/src/activity1/src/robot_new_station.cpp:16:9:[m[K [01;36m[Knote: [m[Kto match this ‘[01m[K([m[K’
[2.344s]    16 |         [01;36m[KRCLCPP_INFO[m[K(get_logger(), "robot_new_station" counter)
[2.344s]       |         [01;36m[K^~~~~~~~~~~[m[K
[2.344s] [01m[K/home/lunog/ros2_course_ws/src/activity1/src/robot_new_station.cpp:17:5:[m[K [01;31m[Kerror: [m[Kexpected ‘[01m[K;[m[K’ before ‘[01m[K}[m[K’ token
[2.344s]    17 |     [01;31m[K}[m[K
[2.344s]       |     [01;31m[K^[m[K
[2.344s] [01m[K/home/lunog/ros2_course_ws/src/activity1/src/robot_new_station.cpp:[m[K At global scope:
[2.344s] [01m[K/home/lunog/ros2_course_ws/src/activity1/src/robot_new_station.cpp:21:19:[m[K [01;31m[Kerror: [m[Kexpected ‘[01m[K,[m[K’ or ‘[01m[K...[m[K’ before ‘[01m[Kchar[m[K’
[2.344s]    21 | int main(int argc [01;31m[Kchar[m[K **argv){
[2.344s]       |                   [01;31m[K^~~~[m[K
[2.344s] [01m[K/home/lunog/ros2_course_ws/src/activity1/src/robot_new_station.cpp:21:5:[m[K [01;35m[Kwarning: [m[K‘[01m[Kint main(int)[m[K’ takes only zero or two arguments [[01;35m[K]8;;https://gcc.gnu.org/onlinedocs/gcc/Warning-Options.html#index-Wmain-Wmain]8;;[m[K]
[2.344s]    21 | int [01;35m[Kmain[m[K(int argc char **argv){
[2.344s]       |     [01;35m[K^~~~[m[K
[2.345s] [01m[K/home/lunog/ros2_course_ws/src/activity1/src/robot_new_station.cpp:[m[K In function ‘[01m[Kint main(int)[m[K’:
[2.345s] [01m[K/home/lunog/ros2_course_ws/src/activity1/src/robot_new_station.cpp:22:24:[m[K [01;31m[Kerror: [m[K‘[01m[Kargv[m[K’ was not declared in this scope; did you mean ‘[01m[Kargc[m[K’?
[2.345s]    22 |     rclcpp::init(argc, [01;31m[Kargv[m[K);
[2.345s]       |                        [01;31m[K^~~~[m[K
[2.345s]       |                        [32m[Kargc[m[K
[2.347s] [01m[K/home/lunog/ros2_course_ws/src/activity1/src/robot_new_station.cpp:25:5:[m[K [01;31m[Kerror: [m[Kduplicate label ‘[01m[Krclcpp[m[K’
[2.347s]    25 |     [01;31m[Krclcpp[m[K:shutdown();
[2.348s]       |     [01;31m[K^~~~~~[m[K
[2.348s] [01m[K/home/lunog/ros2_course_ws/src/activity1/src/robot_new_station.cpp:25:12:[m[K [01;31m[Kerror: [m[K‘[01m[Kshutdown[m[K’ was not declared in this scope; did you mean ‘[01m[Krclcpp::shutdown[m[K’?
[2.348s]    25 |     rclcpp:[01;31m[Kshutdown[m[K();
[2.348s]       |            [01;31m[K^~~~~~~~[m[K
[2.348s]       |            [32m[Krclcpp::shutdown[m[K
[2.348s] In file included from [01m[K/opt/ros/humble/include/rclcpp/rclcpp/logging.hpp:25[m[K,
[2.348s]                  from [01m[K/opt/ros/humble/include/rclcpp/rclcpp/client.hpp:40[m[K,
[2.348s]                  from [01m[K/opt/ros/humble/include/rclcpp/rclcpp/callback_group.hpp:24[m[K,
[2.348s]                  from [01m[K/opt/ros/humble/include/rclcpp/rclcpp/any_executable.hpp:20[m[K,
[2.348s]                  from [01m[K/opt/ros/humble/include/rclcpp/rclcpp/memory_strategy.hpp:25[m[K,
[2.348s]                  from [01m[K/opt/ros/humble/include/rclcpp/rclcpp/memory_strategies.hpp:18[m[K,
[2.348s]                  from [01m[K/opt/ros/humble/include/rclcpp/rclcpp/executor_options.hpp:20[m[K,
[2.348s]                  from [01m[K/opt/ros/humble/include/rclcpp/rclcpp/executor.hpp:37[m[K,
[2.348s]                  from [01m[K/opt/ros/humble/include/rclcpp/rclcpp/executors/multi_threaded_executor.hpp:25[m[K,
[2.349s]                  from [01m[K/opt/ros/humble/include/rclcpp/rclcpp/executors.hpp:21[m[K,
[2.349s]                  from [01m[K/opt/ros/humble/include/rclcpp/rclcpp/rclcpp.hpp:155[m[K,
[2.349s]                  from [01m[K/home/lunog/ros2_course_ws/src/activity1/src/robot_new_station.cpp:5[m[K:
[2.349s] [01m[K/opt/ros/humble/include/rclcpp/rclcpp/utilities.hpp:194:1:[m[K [01;36m[Knote: [m[K‘[01m[Krclcpp::shutdown[m[K’ declared here
[2.349s]   194 | [01;36m[Kshutdown[m[K(
[2.349s]       | [01;36m[K^~~~~~~~[m[K
[2.349s] [01m[K/home/lunog/ros2_course_ws/src/activity1/src/robot_new_station.cpp:26:13:[m[K [01;31m[Kerror: [m[Kexpected ‘[01m[K;[m[K’ before ‘[01m[K}[m[K’ token
[2.349s]    26 |     return 0
[2.349s]       |             [01;31m[K^[m[K
[2.349s]       |             [32m[K;[m[K
[2.349s] ......
[2.349s]    29 | [32m[K}[m[K
[2.349s]       | [32m[K~[m[K            
[2.349s] [01m[K/home/lunog/ros2_course_ws/src/activity1/src/robot_new_station.cpp:24:5:[m[K [01;35m[Kwarning: [m[Klabel ‘[01m[Krclcpp[m[K’ defined but not used [[01;35m[K]8;;https://gcc.gnu.org/onlinedocs/gcc/Warning-Options.html#index-Wunused-label-Wunused-label]8;;[m[K]
[2.349s]    24 |     [01;35m[Krclcpp[m[K:spin(node);
[2.349s]       |     [01;35m[K^~~~~~[m[K
[2.698s] gmake[2]: *** [CMakeFiles/robot_new_station.dir/build.make:76: CMakeFiles/robot_new_station.dir/src/robot_new_station.cpp.o] Error 1
[2.698s] gmake[1]: *** [CMakeFiles/Makefile2:137: CMakeFiles/robot_new_station.dir/all] Error 2
[2.698s] gmake: *** [Makefile:146: all] Error 2
[2.701s] Invoked command in '/home/lunog/ros2_course_ws/build/activity1' returned '2': CMAKE_PREFIX_PATH=${CMAKE_PREFIX_PATH}:/home/lunog/ros2_course_ws/install/my_py_pkg:/opt/ros/humble /usr/bin/cmake --build /home/lunog/ros2_course_ws/build/activity1 -- -j16 -l16
